# hmmsearch :: search profile(s) against a sequence database
# HMMER 3.3 (Nov 2019); http://hmmer.org/
# Copyright (C) 2019 Howard Hughes Medical Institute.
# Freely distributed under the BSD open source license.
# - - - - - - - - - - - - - - - - - - - - - - - - - - - - - - - - - - - -
# query HMM file:                  /mnt/d/endless/机器学习综合实践/ML-GV02-03/results/gv02_03_v2/family/fold_1/profiles/gvpv.hmm
# target sequence database:        /mnt/d/endless/机器学习综合实践/ML-GV02-03/results/gv02_03_v2/family/fold_1/synthetic/queries.fasta
# per-dom hits tabular output:     /mnt/d/endless/机器学习综合实践/ML-GV02-03/results/gv02_03_v2/family/fold_1/synthetic/gvpv.domtbl
# sequence reporting threshold:    score >= 0
# domain reporting threshold:      score >= 0
# Max sensitivity mode:            on [all heuristic filters off]
# number of worker threads:        1
# - - - - - - - - - - - - - - - - - - - - - - - - - - - - - - - - - - - -

Query:       gvpv  [M=109]
Scores for complete sequences (score includes all domains):
   --- full sequence ---   --- best 1 domain ---    -#dom-
    E-value  score  bias    E-value  score  bias    exp  N  Sequence                                 Description
    ------- ------ -----    ------- ------ -----   ---- --  --------                                 -----------
    3.2e-22   71.9   0.3    3.9e-22   71.6   0.3    1.1  1  exact_duplicate_nat_04ce3ef0cebc48437e9d  
    5.1e-21   68.0   1.2    5.5e-21   67.9   1.2    1.0  1  exact_duplicate_nat_96a553e6661e35871697  
    6.9e-20   64.4   8.6    7.8e-20   64.2   8.6    1.0  1  exact_duplicate_nat_287dc8e13316bfa21d5b  
    1.6e-16   53.5   3.3    1.8e-16   53.3   3.3    1.1  1  exact_duplicate_nat_0ce4f366361b92c40e72  
    1.9e-07   24.3   0.1      2e-07   24.3   0.1    1.0  1  truncated_nat_96a553e6661e35871697        
    9.3e-06   18.9   0.3    9.6e-06   18.9   0.3    1.0  1  truncated_nat_04ce3ef0cebc48437e9d        
    5.4e-05   16.4   0.7    5.8e-05   16.4   0.7    1.0  1  truncated_nat_287dc8e13316bfa21d5b        
    0.00022   14.5   0.8    0.00023   14.5   0.8    1.2  1  exact_duplicate_nat_5af1dad025fd9ae899db  
     0.0014   11.9   4.7      0.001   12.4   2.0    2.0  1  exact_duplicate_nat_098a41409ea5eda0829f  
     0.0049   10.2   0.1     0.0054   10.0   0.1    1.1  1  truncated_nat_0ce4f366361b92c40e72        
  ------ inclusion threshold ------
      0.055    6.8   0.3      0.075    6.3   0.3    1.2  1  exact_duplicate_nat_d790919b750d218eb5d2  
       0.17    5.2   1.6       0.26    4.6   1.4    1.3  1  exact_duplicate_nat_d5d2b89b08562340fb40  
       0.35    4.2   0.0       0.55    3.6   0.0    1.4  1  shuffled_nat_0ce4f366361b92c40e72         
        1.1    2.6   0.1        1.5    2.2   0.1    1.3  1  shuffled_nat_04ce3ef0cebc48437e9d         
        1.7    1.9   0.2        2.7    1.3   0.2    1.3  1  exact_duplicate_nat_7cb4140e283c8e67ca6a  
        1.8    1.9   1.2        2.5    1.4   1.1    1.5  1  shuffled_nat_96a553e6661e35871697         
        1.8    1.9   0.2        5.4    0.4   0.0    1.6  1  shuffled_nat_155ce5a12a657fff67bd         
          2    1.8   0.2        2.5    1.4   0.2    1.3  1  shuffled_nat_0400bc6bebe746f9e951         
        2.2    1.6   1.3        3.1    1.1   1.0    1.3  1  exact_duplicate_nat_0400bc6bebe746f9e951  
        2.3    1.6   2.5        3.3    1.0   2.5    1.7  1  shuffled_nat_287dc8e13316bfa21d5b         
        2.3    1.6   0.9        2.6    1.4   0.9    1.2  1  exact_duplicate_nat_600cc7dd0b3564219e23  
        2.3    1.5   1.5          3    1.2   1.5    1.3  1  exact_duplicate_nat_155ce5a12a657fff67bd  
        2.7    1.3   2.0        5.1    0.4   1.9    1.4  1  exact_duplicate_nat_ba4b60d40b6ab3ab87c7  
        3.3    1.0   3.7        4.8    0.5   3.7    1.4  1  exact_duplicate_nat_4bb2d1867476b81ae8d0  
        3.4    1.0   0.2        4.4    0.6   0.2    1.2  1  truncated_nat_21bdbf3d416d0e908baf        
        4.4    0.6   0.9         10   -0.6   0.2    1.6  0  exact_duplicate_nat_026e3420597e6acb04ba  
        4.5    0.6   0.1         15   -1.1   0.0    1.5  0  shuffled_nat_026e3420597e6acb04ba         
        4.5    0.6   0.6        8.1   -0.2   0.2    1.5  0  exact_duplicate_nat_1f59c5fb58b4377ef820  
        4.7    0.5   0.3         19   -1.4   0.1    1.6  0  exact_duplicate_nat_2c9bf16622aacddb165e  
        4.9    0.5   0.0          9   -0.4   0.0    1.4  0  truncated_nat_c94da6ff72ddadbf903d        
        4.9    0.5   0.5        6.3    0.1   0.5    1.5  1  exact_duplicate_nat_4d2e7e7faa72495fbae4  
        5.1    0.4   1.1         12   -0.8   1.1    1.4  0  exact_duplicate_nat_0f33d91bf20a5dfbff82  
        5.5    0.3   0.0        5.2    0.4   0.0    1.1  1  truncated_nat_1f59c5fb58b4377ef820        
        5.5    0.3   4.0          3    1.2   0.3    1.8  2  truncated_nat_c500111a61f53f446ae7        
        5.6    0.3   0.1         43   -2.5   0.1    1.7  0  shuffled_nat_d93cc995798d0a5e81e9         
        5.7    0.3   0.1        4.6    0.6   0.1    1.2  1  truncated_nat_026e3420597e6acb04ba        
        6.5    0.1   2.2         26   -1.8   0.3    2.3  0  shuffled_nat_56c649d91320de13c3d9         
        6.6    0.1   0.5         16   -1.2   0.1    1.5  0  shuffled_nat_5af1dad025fd9ae899db         


Domain annotation for each sequence (and alignments):
>> exact_duplicate_nat_04ce3ef0cebc48437e9d  
   #    score  bias  c-Evalue  i-Evalue hmmfrom  hmm to    alifrom  ali to    envfrom  env to     acc
 ---   ------ ----- --------- --------- ------- -------    ------- -------    ------- -------    ----
   1 !   71.6   0.3   1.4e-22   3.9e-22       1     107 [.       1      97 [.       1      99 [. 0.90

  Alignments for each domain:
  == domain 1  score: 71.6 bits;  conditional E-value: 1.4e-22
                                      gvpv   1 mskieeKlsrmprrkseaslalekyqllkeRlkqeLeqaerRrarlavvqqLqerLreletelakaEle 69 
                                               ms+ ee ++r +++  e+s+a++k+q+   Rlkq+L q++ R a++a++q+Lqer+r+le+ +a a+ +
  exact_duplicate_nat_04ce3ef0cebc48437e9d   1 MSRHEETVYRTTKKVGEPSIAEMKSQAS--RLKQDLDQFKGRGAGAALIQPLQERIRDLEAAIAHAQVA 67 
                                               7999************************..************************************998 PP

                                      gvpv  70 akrdrqatregddldekkakpagavgratssrfpprdl 107
                                               +   + +    d   + +++ + +v+r+ts+rfppr+ 
  exact_duplicate_nat_04ce3ef0cebc48437e9d  68 KGG-ASP----D---PDAPDYQRPVARTTSNRFPPRGK 97 
                                               883.222....2...335667889************95 PP

>> exact_duplicate_nat_96a553e6661e35871697  
   #    score  bias  c-Evalue  i-Evalue hmmfrom  hmm to    alifrom  ali to    envfrom  env to     acc
 ---   ------ ----- --------- --------- ------- -------    ------- -------    ------- -------    ----
   1 !   67.9   1.2   1.9e-21   5.5e-21       3      97 ..       9      96 ..       7     108 .] 0.80

  Alignments for each domain:
  == domain 1  score: 67.9 bits;  conditional E-value: 1.9e-21
                                      gvpv  3 kieeKlsrmprrkseaslalekyqll..keRlkqeLeqaerRrarlavvqqLqerLreletelakaEleak 71
                                              +i +K+s+mpr+k+ea+l+++ yql+  k+Rl++eLe + +R       +  ++rL+++et+++ +E ++k
  exact_duplicate_nat_96a553e6661e35871697  9 PILPKISTMPRQKTEATLYRSLYQLAveKKRLQEELESLGQRF------ETVTQRLQQIETQIQGLETDVK 73
                                              788***************************************9......********************** PP

                                      gvpv 72 rdrqatregddldekkakpagavgra 97
                                              + +++ ++++ ++++++ ++ +  +a
  exact_duplicate_nat_96a553e6661e35871697 74 QIAPP-KPPE-TKPNQPSTP-TPTKA 96
                                              76555.4555.444444444.22333 PP

>> exact_duplicate_nat_287dc8e13316bfa21d5b  
   #    score  bias  c-Evalue  i-Evalue hmmfrom  hmm to    alifrom  ali to    envfrom  env to     acc
 ---   ------ ----- --------- --------- ------- -------    ------- -------    ------- -------    ----
   1 !   64.2   8.6   2.7e-20   7.8e-20       1     109 []       7     115 .]       7     115 .] 0.86

  Alignments for each domain:
  == domain 1  score: 64.2 bits;  conditional E-value: 2.7e-20
                                      gvpv   1 mskieeKlsrmprrkseaslalekyqll..keRlkqeLeqaerRrarlavvqqLqerLreletelakaE 67 
                                               ++ i++K+s++ r+ksea+ +l  y+++  ++R++qeL+ +e+R       q L+++L  l+++++ +E
  exact_duplicate_nat_287dc8e13316bfa21d5b   7 RRTIQPKISTIHRQKSEAAEQLDLYKMVtkRQRIQQELQFMEQRL------QLLRQQLGILDSQIENTE 69 
                                               578*****************************************9......****************** PP

                                      gvpv  68 leakrdrqa.tregddldekkakpagavgrat...ssrfpprdley 109
                                               + ++++rq+ +++ + +++++  p+++++ ++   ss f++++ley
  exact_duplicate_nat_287dc8e13316bfa21d5b  70 KNIQSLRQSpPSSSQSANNNTSSPQNTTNPNKsvkSSSFQTFYLEY 115
                                               *********766655555555555555555445579*******997 PP

>> exact_duplicate_nat_0ce4f366361b92c40e72  
   #    score  bias  c-Evalue  i-Evalue hmmfrom  hmm to    alifrom  ali to    envfrom  env to     acc
 ---   ------ ----- --------- --------- ------- -------    ------- -------    ------- -------    ----
   1 !   53.3   3.3   6.5e-17   1.8e-16       5     109 .]      20     114 .]      16     114 .] 0.86

  Alignments for each domain:
  == domain 1  score: 53.3 bits;  conditional E-value: 6.5e-17
                                      gvpv   5 eeKlsrmprrkseaslalekyqll..keRlkqeLeqaerRrarlavvqqLqerLreletelakaEleak 71 
                                               ++K+s+mpr ks as +l  y+++  k+R++ ++  +++R       + Lq+rL  l+++++ +E++++
  exact_duplicate_nat_0ce4f366361b92c40e72  20 RAKISTMPRTKSDASSQLDLYKMVteKQRIQRDMYSIKERM------GLLQQRLDILNQQIEATEKTIH 82 
                                               78**************************************9......********************** PP

                                      gvpv  72 rdrqatregddldekkakpagavgrat....ssrfpprdley 109
                                               ++rq+ ++ +         a++++r++    s++++++ +ey
  exact_duplicate_nat_0ce4f366361b92c40e72  83 KLRQPHSN-T---------AQNIVRSNifveSNNYQTFEVEY 114
                                               *****633.2.........33555555555588888887776 PP

>> truncated_nat_96a553e6661e35871697  
   #    score  bias  c-Evalue  i-Evalue hmmfrom  hmm to    alifrom  ali to    envfrom  env to     acc
 ---   ------ ----- --------- --------- ------- -------    ------- -------    ------- -------    ----
   1 !   24.3   0.1   7.1e-08     2e-07       3      28 ..       9      34 ..       7      36 .] 0.94

  Alignments for each domain:
  == domain 1  score: 24.3 bits;  conditional E-value: 7.1e-08
                                gvpv  3 kieeKlsrmprrkseaslalekyqll 28
                                        +i +K+s+mpr+k+ea+l+++ yql+
  truncated_nat_96a553e6661e35871697  9 PILPKISTMPRQKTEATLYRSLYQLA 34
                                        789*********************97 PP

>> truncated_nat_04ce3ef0cebc48437e9d  
   #    score  bias  c-Evalue  i-Evalue hmmfrom  hmm to    alifrom  ali to    envfrom  env to     acc
 ---   ------ ----- --------- --------- ------- -------    ------- -------    ------- -------    ----
   1 !   18.9   0.3   3.4e-06   9.6e-06       1      35 [.       1      33 []       1      33 [] 0.97

  Alignments for each domain:
  == domain 1  score: 18.9 bits;  conditional E-value: 3.4e-06
                                gvpv  1 mskieeKlsrmprrkseaslalekyqllkeRlkqe 35
                                        ms+ ee ++r +++  e+s+a++k+q+   Rlkq+
  truncated_nat_04ce3ef0cebc48437e9d  1 MSRHEETVYRTTKKVGEPSIAEMKSQAS--RLKQD 33
                                        7999************************..***98 PP

>> truncated_nat_287dc8e13316bfa21d5b  
   #    score  bias  c-Evalue  i-Evalue hmmfrom  hmm to    alifrom  ali to    envfrom  env to     acc
 ---   ------ ----- --------- --------- ------- -------    ------- -------    ------- -------    ----
   1 !   16.4   0.7     2e-05   5.8e-05       1      29 [.       7      36 ..       7      38 .] 0.89

  Alignments for each domain:
  == domain 1  score: 16.4 bits;  conditional E-value: 2e-05
                                gvpv  1 mskieeKlsrmprrkseaslalekyqll.k 29
                                        ++ i++K+s++ r+ksea+ +l  y+++ k
  truncated_nat_287dc8e13316bfa21d5b  7 RRTIQPKISTIHRQKSEAAEQLDLYKMVtK 36
                                        578************************953 PP

>> exact_duplicate_nat_5af1dad025fd9ae899db  
   #    score  bias  c-Evalue  i-Evalue hmmfrom  hmm to    alifrom  ali to    envfrom  env to     acc
 ---   ------ ----- --------- --------- ------- -------    ------- -------    ------- -------    ----
   1 !   14.5   0.8   7.9e-05   0.00023      29      90 ..      41      94 ..      12     105 .] 0.66

  Alignments for each domain:
  == domain 1  score: 14.5 bits;  conditional E-value: 7.9e-05
                                      gvpv 29 keRlkqeLeqaerRrarlavvqqLqerLreletelakaEleakrdrqa.tregddldekkakp 90
                                              + R++ e e a +R       +++ er++++++e a + ++a+  + a ++++d++++  a++
  exact_duplicate_nat_5af1dad025fd9ae899db 41 RWRRTREREAASSRI------ASIDERIADIDKEKAALLADATA-ASAvAENNDKSEA--AEK 94
                                              566666666666665......************99998888883.3343433442222..222 PP

>> exact_duplicate_nat_098a41409ea5eda0829f  
   #    score  bias  c-Evalue  i-Evalue hmmfrom  hmm to    alifrom  ali to    envfrom  env to     acc
 ---   ------ ----- --------- --------- ------- -------    ------- -------    ------- -------    ----
   1 !   12.4   2.0   0.00035     0.001      28      82 ..     210     266 ..     200     283 .. 0.74

  Alignments for each domain:
  == domain 1  score: 12.4 bits;  conditional E-value: 0.00035
                                      gvpv  28 lkeRlkqeLeqaerRrarlavvqqLqerLreletelakaEleak..rdrqa.tregdd 82 
                                               l +R++q Le++++ r r ++ ++L++rL ++ +e   +E +     d ++  r+gd+
  exact_duplicate_nat_098a41409ea5eda0829f 210 LEKRRDQRLEEVRAAR-RESIAGDLEARLSAVAREVHALERSPSvsLDDESgERAGDE 266
                                               478*********9999.9********************99876511333334444554 PP

>> truncated_nat_0ce4f366361b92c40e72  
   #    score  bias  c-Evalue  i-Evalue hmmfrom  hmm to    alifrom  ali to    envfrom  env to     acc
 ---   ------ ----- --------- --------- ------- -------    ------- -------    ------- -------    ----
   1 !   10.0   0.1    0.0019    0.0054       5      22 ..      20      37 ..      16      38 .] 0.85

  Alignments for each domain:
  == domain 1  score: 10.0 bits;  conditional E-value: 0.0019
                                gvpv  5 eeKlsrmprrkseaslal 22
                                        ++K+s+mpr ks as +l
  truncated_nat_0ce4f366361b92c40e72 20 RAKISTMPRTKSDASSQL 37
                                        78*********9999775 PP

>> exact_duplicate_nat_d790919b750d218eb5d2  
   #    score  bias  c-Evalue  i-Evalue hmmfrom  hmm to    alifrom  ali to    envfrom  env to     acc
 ---   ------ ----- --------- --------- ------- -------    ------- -------    ------- -------    ----
   1 ?    6.3   0.3     0.026     0.075      14      43 ..      72     100 .]      67     100 .] 0.72

  Alignments for each domain:
  == domain 1  score: 6.3 bits;  conditional E-value: 0.026
                                      gvpv  14 rkseaslalekyqllkeRlkqeLeqaerRr 43 
                                                +++++l +e++++l eRlk + e++e +r
  exact_duplicate_nat_d790919b750d218eb5d2  72 GANNKAL-EEENKMLHERLKTLEEKIETKR 100
                                               5566666.7788888888888888887765 PP

>> exact_duplicate_nat_d5d2b89b08562340fb40  
   #    score  bias  c-Evalue  i-Evalue hmmfrom  hmm to    alifrom  ali to    envfrom  env to     acc
 ---   ------ ----- --------- --------- ------- -------    ------- -------    ------- -------    ----
   1 ?    4.6   1.4      0.09      0.26      22      41 ..      51      70 ..      46      77 .. 0.77

  Alignments for each domain:
  == domain 1  score: 4.6 bits;  conditional E-value: 0.09
                                      gvpv 22 lekyqllkeRlkqeLeqaer 41
                                              + +y+   eRl++eLe aer
  exact_duplicate_nat_d5d2b89b08562340fb40 51 EAEYERRDERLREELEFAER 70
                                              556666679*******9998 PP

>> shuffled_nat_0ce4f366361b92c40e72  
   #    score  bias  c-Evalue  i-Evalue hmmfrom  hmm to    alifrom  ali to    envfrom  env to     acc
 ---   ------ ----- --------- --------- ------- -------    ------- -------    ------- -------    ----
   1 ?    3.6   0.0      0.19      0.55      45      72 ..       4      31 ..       1      54 [. 0.79

  Alignments for each domain:
  == domain 1  score: 3.6 bits;  conditional E-value: 0.19
                               gvpv 45 rlavvqqLqerLreletelakaEleakr 72
                                       r ++ +++++r +    +la++E++ ++
  shuffled_nat_0ce4f366361b92c40e72  4 REQIFRSIKSRYTNFKIQLATRENSSQT 31
                                       56899999999999999*****999884 PP

>> shuffled_nat_04ce3ef0cebc48437e9d  
   #    score  bias  c-Evalue  i-Evalue hmmfrom  hmm to    alifrom  ali to    envfrom  env to     acc
 ---   ------ ----- --------- --------- ------- -------    ------- -------    ------- -------    ----
   1 ?    2.2   0.1      0.52       1.5      61     101 ..      17      59 ..       8      73 .. 0.67

  Alignments for each domain:
  == domain 1  score: 2.2 bits;  conditional E-value: 0.52
                               gvpv  61 telakaEleakrdrqa.tre..gddldekkakpagavgratssr 101
                                        t+la +E ++ rd q+ +r+  g  +  ++ +  +++ r+++  
  shuffled_nat_04ce3ef0cebc48437e9d  17 TQLADQEMAKLRDGQPlARPgvG-AVSTQMIEIYKRTFRSRQTP 59 
                                        68888888888888888777532.24455555555555555554 PP

>> exact_duplicate_nat_7cb4140e283c8e67ca6a  
   #    score  bias  c-Evalue  i-Evalue hmmfrom  hmm to    alifrom  ali to    envfrom  env to     acc
 ---   ------ ----- --------- --------- ------- -------    ------- -------    ------- -------    ----
   1 ?    1.3   0.2      0.96       2.7      49      60 ..      91     102 ..      77     104 .. 0.63

  Alignments for each domain:
  == domain 1  score: 1.3 bits;  conditional E-value: 0.96
                                      gvpv  49 vqqLqerLrele 60 
                                                ++Lq r++ele
  exact_duplicate_nat_7cb4140e283c8e67ca6a  91 NADLQRRIAELE 102
                                               356777777776 PP

>> shuffled_nat_96a553e6661e35871697  
   #    score  bias  c-Evalue  i-Evalue hmmfrom  hmm to    alifrom  ali to    envfrom  env to     acc
 ---   ------ ----- --------- --------- ------- -------    ------- -------    ------- -------    ----
   1 ?    1.4   1.1      0.88       2.5      54      81 ..      24      54 ..      14      98 .. 0.59

  Alignments for each domain:
  == domain 1  score: 1.4 bits;  conditional E-value: 0.88
                               gvpv 54 erLrelet.elakaEleakrdrqa.tre.gd 81
                                       e+L++l++  + + E  + +++ + t+  ++
  shuffled_nat_96a553e6661e35871697 24 EDLKQLTKyRIIEMEEVTLQKQRPsTSGpPQ 54
                                       5566666433444444444443332443333 PP

>> shuffled_nat_155ce5a12a657fff67bd  
   #    score  bias  c-Evalue  i-Evalue hmmfrom  hmm to    alifrom  ali to    envfrom  env to     acc
 ---   ------ ----- --------- --------- ------- -------    ------- -------    ------- -------    ----
   1 ?    0.4   0.0       1.9       5.4      18      39 ..      24      46 ..      10      58 .. 0.73

  Alignments for each domain:
  == domain 1  score: 0.4 bits;  conditional E-value: 1.9
                               gvpv 18 aslalekyqll.keRlkqeLeqa 39
                                        ++ l++ +l+  eR + +Le  
  shuffled_nat_155ce5a12a657fff67bd 24 HDVGLQEDTLVeMERVDFLLEFR 46
                                       56667888888889999999864 PP

>> shuffled_nat_0400bc6bebe746f9e951  
   #    score  bias  c-Evalue  i-Evalue hmmfrom  hmm to    alifrom  ali to    envfrom  env to     acc
 ---   ------ ----- --------- --------- ------- -------    ------- -------    ------- -------    ----
   1 ?    1.4   0.2      0.89       2.5      31      64 ..      39      72 ..      26      81 .. 0.66

  Alignments for each domain:
  == domain 1  score: 1.4 bits;  conditional E-value: 0.89
                               gvpv 31 RlkqeLeqaerRrarlavvqqLqerLreletela 64
                                       Rl + +e +++   +   v++ +er++e   +l+
  shuffled_nat_0400bc6bebe746f9e951 39 RLYEIQEDVRDIGTKSRFVEDFEERIQEAKIDLL 72
                                       5555555555555555677777777777766665 PP

>> exact_duplicate_nat_0400bc6bebe746f9e951  
   #    score  bias  c-Evalue  i-Evalue hmmfrom  hmm to    alifrom  ali to    envfrom  env to     acc
 ---   ------ ----- --------- --------- ------- -------    ------- -------    ------- -------    ----
   1 ?    1.1   1.0       1.1       3.1      54      71 ..      57      74 ..      41      78 .. 0.77

  Alignments for each domain:
  == domain 1  score: 1.1 bits;  conditional E-value: 1.1
                                      gvpv 54 erLreletelakaEleak 71
                                              +r  ele++l+ aE+++k
  exact_duplicate_nat_0400bc6bebe746f9e951 57 QRRVELERQLDVAEQARK 74
                                              555689999999999987 PP

>> shuffled_nat_287dc8e13316bfa21d5b  
   #    score  bias  c-Evalue  i-Evalue hmmfrom  hmm to    alifrom  ali to    envfrom  env to     acc
 ---   ------ ----- --------- --------- ------- -------    ------- -------    ------- -------    ----
   1 ?    1.0   2.5       1.2       3.3      32      56 ..      71      95 ..      15     114 .. 0.67

  Alignments for each domain:
  == domain 1  score: 1.0 bits;  conditional E-value: 1.2
                               gvpv 32 lkqeLeqaerRrarlavvqqLqerL 56
                                        kqeL    +++++ +  ++ q++L
  shuffled_nat_287dc8e13316bfa21d5b 71 QKQELSMQAQQSYQSSSNREFQQDL 95
                                       3344443333333333333333333 PP

>> exact_duplicate_nat_600cc7dd0b3564219e23  
   #    score  bias  c-Evalue  i-Evalue hmmfrom  hmm to    alifrom  ali to    envfrom  env to     acc
 ---   ------ ----- --------- --------- ------- -------    ------- -------    ------- -------    ----
   1 ?    1.4   0.9      0.93       2.6      51      77 ..      32      60 ..      24      84 .] 0.47

  Alignments for each domain:
  == domain 1  score: 1.4 bits;  conditional E-value: 0.93
                                      gvpv 51 qLqerLre..letelakaEleakrdrqat 77
                                              ++q++L+e  l  el ++  +  +dr+a 
  exact_duplicate_nat_600cc7dd0b3564219e23 32 EIQDELKEnqLLYELGERSEAEYEDRKAD 60
                                              45555543112334444444444444442 PP

>> exact_duplicate_nat_155ce5a12a657fff67bd  
   #    score  bias  c-Evalue  i-Evalue hmmfrom  hmm to    alifrom  ali to    envfrom  env to     acc
 ---   ------ ----- --------- --------- ------- -------    ------- -------    ------- -------    ----
   1 ?    1.2   1.5         1         3      25      42 ..      54      71 ..      36      84 .] 0.62

  Alignments for each domain:
  == domain 1  score: 1.2 bits;  conditional E-value: 1
                                      gvpv 25 yqllkeRlkqeLeqaerR 42
                                              y   ke l++eL+ ae+ 
  exact_duplicate_nat_155ce5a12a657fff67bd 54 YRERKEALREELRVAEAV 71
                                              333344456666655554 PP

>> exact_duplicate_nat_ba4b60d40b6ab3ab87c7  
   #    score  bias  c-Evalue  i-Evalue hmmfrom  hmm to    alifrom  ali to    envfrom  env to     acc
 ---   ------ ----- --------- --------- ------- -------    ------- -------    ------- -------    ----
   1 ?    0.4   1.9       1.8       5.1      30      43 ..      59      72 ..      35      83 .. 0.65

  Alignments for each domain:
  == domain 1  score: 0.4 bits;  conditional E-value: 1.8
                                      gvpv 30 eRlkqeLeqaerRr 43
                                              e l+++Le a++ +
  exact_duplicate_nat_ba4b60d40b6ab3ab87c7 59 EQLREDLELAKEMQ 72
                                              34566666666655 PP

>> exact_duplicate_nat_4bb2d1867476b81ae8d0  
   #    score  bias  c-Evalue  i-Evalue hmmfrom  hmm to    alifrom  ali to    envfrom  env to     acc
 ---   ------ ----- --------- --------- ------- -------    ------- -------    ------- -------    ----
   1 ?    0.5   3.7       1.7       4.8      40      61 ..      55      70 ..      25      83 .. 0.58

  Alignments for each domain:
  == domain 1  score: 0.5 bits;  conditional E-value: 1.7
                                      gvpv 40 erRrarlavvqqLqerLrelet 61
                                              erR+      ++L+e+Lr  e+
  exact_duplicate_nat_4bb2d1867476b81ae8d0 55 ERRK------AELEEELRIAES 70
                                              2333......444444444443 PP

>> truncated_nat_21bdbf3d416d0e908baf  
   #    score  bias  c-Evalue  i-Evalue hmmfrom  hmm to    alifrom  ali to    envfrom  env to     acc
 ---   ------ ----- --------- --------- ------- -------    ------- -------    ------- -------    ----
   1 ?    0.6   0.2       1.6       4.4      80     101 ..      11      28 ..       1      50 [. 0.62

  Alignments for each domain:
  == domain 1  score: 0.6 bits;  conditional E-value: 1.6
                                gvpv  80 gddldekkakpagavgratssr 101
                                         g    +++a+ +g+ ++a s+r
  truncated_nat_21bdbf3d416d0e908baf  11 G----DGGAERPGENADADSGR 28 
                                         3....35666666666666665 PP

>> exact_duplicate_nat_026e3420597e6acb04ba  
   [No individual domains that satisfy reporting thresholds (although complete target did)]

>> shuffled_nat_026e3420597e6acb04ba  
   [No individual domains that satisfy reporting thresholds (although complete target did)]

>> exact_duplicate_nat_1f59c5fb58b4377ef820  
   [No individual domains that satisfy reporting thresholds (although complete target did)]

>> exact_duplicate_nat_2c9bf16622aacddb165e  
   [No individual domains that satisfy reporting thresholds (although complete target did)]

>> truncated_nat_c94da6ff72ddadbf903d  
   [No individual domains that satisfy reporting thresholds (although complete target did)]

>> exact_duplicate_nat_4d2e7e7faa72495fbae4  
   #    score  bias  c-Evalue  i-Evalue hmmfrom  hmm to    alifrom  ali to    envfrom  env to     acc
 ---   ------ ----- --------- --------- ------- -------    ------- -------    ------- -------    ----
   1 ?    0.1   0.5       2.2       6.3      65      71 ..      83      89 ..      34     128 .. 0.58

  Alignments for each domain:
  == domain 1  score: 0.1 bits;  conditional E-value: 2.2
                                      gvpv 65 kaEleak 71
                                               +E+e++
  exact_duplicate_nat_4d2e7e7faa72495fbae4 83 AEEAETA 89
                                              2233332 PP

>> exact_duplicate_nat_0f33d91bf20a5dfbff82  
   [No individual domains that satisfy reporting thresholds (although complete target did)]

>> truncated_nat_1f59c5fb58b4377ef820  
   #    score  bias  c-Evalue  i-Evalue hmmfrom  hmm to    alifrom  ali to    envfrom  env to     acc
 ---   ------ ----- --------- --------- ------- -------    ------- -------    ------- -------    ----
   1 ?    0.4   0.0       1.8       5.2      76      76 ..      23      23 ..       3      42 .. 0.43

  Alignments for each domain:
  == domain 1  score: 0.4 bits;  conditional E-value: 1.8
                                gvpv 76 a 76
                                        a
  truncated_nat_1f59c5fb58b4377ef820 23 A 23
                                        1 PP

>> truncated_nat_c500111a61f53f446ae7  
   #    score  bias  c-Evalue  i-Evalue hmmfrom  hmm to    alifrom  ali to    envfrom  env to     acc
 ---   ------ ----- --------- --------- ------- -------    ------- -------    ------- -------    ----
   1 ?    1.2   0.3       1.1         3      59      89 ..      14      29 ..       2      43 .. 0.46
   2 ?    0.4   0.3       1.8       5.2      66      84 ..      52      70 ..      44      89 .. 0.43

  Alignments for each domain:
  == domain 1  score: 1.2 bits;  conditional E-value: 1.1
                                gvpv 59 letelakaEleakrdrqatregddldekkak 89
                                        +e+e ak+E  +k               + +
  truncated_nat_c500111a61f53f446ae7 14 TEQETAKQETGRK---------------NEQ 29
                                        1222222222222...............222 PP

  == domain 2  score: 0.4 bits;  conditional E-value: 1.8
                                gvpv 66 aEleakrdrqa.tregddld 84
                                         E   +++++a   e++ + 
  truncated_nat_c500111a61f53f446ae7 52 SETGSEQESKAgS-EQESKA 70
                                        3333333333321.111111 PP

>> shuffled_nat_d93cc995798d0a5e81e9  
   [No individual domains that satisfy reporting thresholds (although complete target did)]

>> truncated_nat_026e3420597e6acb04ba  
   #    score  bias  c-Evalue  i-Evalue hmmfrom  hmm to    alifrom  ali to    envfrom  env to     acc
 ---   ------ ----- --------- --------- ------- -------    ------- -------    ------- -------    ----
   1 ?    0.6   0.1       1.6       4.6      15      15 ..      29      29 ..       2      41 .] 0.55

  Alignments for each domain:
  == domain 1  score: 0.6 bits;  conditional E-value: 1.6
                                gvpv 15 k 15
                                        +
  truncated_nat_026e3420597e6acb04ba 29 A 29
                                        1 PP

>> shuffled_nat_56c649d91320de13c3d9  
   [No individual domains that satisfy reporting thresholds (although complete target did)]

>> shuffled_nat_5af1dad025fd9ae899db  
   [No individual domains that satisfy reporting thresholds (although complete target did)]



Internal pipeline statistics summary:
-------------------------------------
Query model(s):                            1  (109 nodes)
Target sequences:                        108  (19448 residues searched)
Passed MSV filter:                       108  (1); expected 108.0 (1)
Passed bias filter:                      108  (1); expected 108.0 (1)
Passed Vit filter:                       108  (1); expected 108.0 (1)
Passed Fwd filter:                       108  (1); expected 108.0 (1)
Initial search space (Z):                108  [actual number of targets]
Domain search space  (domZ):              38  [number of targets reported over threshold]
# CPU time: 0.07u 0.01s 00:00:00.08 Elapsed: 00:00:00.08
# Mc/sec: 24.33
//
[ok]
