# hmmsearch :: search profile(s) against a sequence database
# HMMER 3.3 (Nov 2019); http://hmmer.org/
# Copyright (C) 2019 Howard Hughes Medical Institute.
# Freely distributed under the BSD open source license.
# - - - - - - - - - - - - - - - - - - - - - - - - - - - - - - - - - - - -
# query HMM file:                  /mnt/d/endless/机器学习综合实践/ML-GV02-03/results/gv02_03_v2/family/fold_2/profiles/gvpv.hmm
# target sequence database:        /mnt/d/endless/机器学习综合实践/ML-GV02-03/results/gv02_03_v2/family/fold_2/synthetic/queries.fasta
# per-dom hits tabular output:     /mnt/d/endless/机器学习综合实践/ML-GV02-03/results/gv02_03_v2/family/fold_2/synthetic/gvpv.domtbl
# sequence reporting threshold:    score >= 0
# domain reporting threshold:      score >= 0
# Max sensitivity mode:            on [all heuristic filters off]
# number of worker threads:        1
# - - - - - - - - - - - - - - - - - - - - - - - - - - - - - - - - - - - -

Query:       gvpv  [M=101]
Scores for complete sequences (score includes all domains):
   --- full sequence ---   --- best 1 domain ---    -#dom-
    E-value  score  bias    E-value  score  bias    exp  N  Sequence                                 Description
    ------- ------ -----    ------- ------ -----   ---- --  --------                                 -----------
    7.6e-24   77.4   4.8    8.5e-24   77.2   4.8    1.0  1  exact_duplicate_nat_c3864be3a36de85b74e8  
    2.4e-22   72.5   0.1    2.7e-22   72.4   0.1    1.0  1  exact_duplicate_nat_e5ceabb21180b04662ae  
    8.3e-22   70.8   0.1    9.3e-22   70.6   0.1    1.0  1  exact_duplicate_nat_3c70afdab9e7af2e1189  
    2.6e-20   66.0   6.3    3.1e-20   65.8   6.3    1.0  1  exact_duplicate_nat_2e9855a6be3700c23fe5  
    6.3e-18   58.3   0.6    7.3e-18   58.1   0.6    1.1  1  exact_duplicate_nat_9a0abc7123e25547e268  
    2.1e-09   31.0   0.1    2.2e-09   30.9   0.1    1.0  1  truncated_nat_c3864be3a36de85b74e8        
    3.7e-08   27.0   0.4    3.9e-08   26.9   0.4    1.0  1  truncated_nat_e5ceabb21180b04662ae        
    1.3e-06   22.0   0.4    1.4e-06   22.0   0.4    1.0  1  truncated_nat_3c70afdab9e7af2e1189        
    0.00094   12.8   0.1     0.0019   11.9   0.1    1.5  1  exact_duplicate_nat_68d2bce649ad98618d0c  
     0.0025   11.5   0.1      0.003   11.2   0.1    1.1  1  truncated_nat_2e9855a6be3700c23fe5        
     0.0065   10.2   0.0     0.0074   10.0   0.0    1.1  1  truncated_nat_9a0abc7123e25547e268        
  ------ inclusion threshold ------
      0.028    8.1   3.0      0.043    7.5   3.0    1.5  1  exact_duplicate_nat_26c7b3dfaf246cf1a8c9  
      0.074    6.8   4.3       0.19    5.5   4.4    1.8  1  exact_duplicate_nat_6392ee051886d826e69f  
        0.2    5.4   5.4       0.42    4.3   5.0    1.8  1  exact_duplicate_nat_6ee31a02fdf1277873e8  
       0.34    4.6   6.4        0.5    4.1   6.0    1.6  1  truncated_nat_0e37face31f27f3afe2e        
       0.56    3.9   0.2        0.9    3.3   0.2    1.3  1  exact_duplicate_nat_44abe1cc1d8456dc6c46  
       0.64    3.8   2.2       0.89    3.3   2.2    1.5  1  exact_duplicate_nat_099ee06bc3f1047a9b40  
       0.68    3.7   0.2          1    3.1   0.2    1.3  1  shuffled_nat_92899af89be9c12f869e         
       0.73    3.6   5.0        1.1    3.0   3.7    2.0  1  exact_duplicate_nat_144f47620afa1a7c4163  
          1    3.1   2.9       0.96    3.2   1.5    1.5  1  exact_duplicate_nat_c1fe0a4a727199d7f1bd  
        1.2    2.9   0.4        3.5    1.4   0.1    1.6  1  shuffled_nat_3c70afdab9e7af2e1189         
        1.2    2.9   0.9        1.6    2.5   0.3    1.6  1  shuffled_nat_9a0abc7123e25547e268         
        1.4    2.7   0.3        1.7    2.4   0.3    1.5  1  shuffled_nat_26c7b3dfaf246cf1a8c9         
        1.8    2.3   1.7        2.5    1.9   1.7    1.4  1  exact_duplicate_nat_575d455e710e37b166bf  
        1.8    2.3   3.2        2.5    1.9   3.2    1.3  1  exact_duplicate_nat_a3571b1c51affce50627  
        1.8    2.3   0.4        3.5    1.4   0.4    1.5  1  exact_duplicate_nat_2df69daa3558ff90d6d4  
        2.1    2.1   2.4        2.7    1.8   2.3    1.3  1  exact_duplicate_nat_76bd47c3dff544aa7f3b  
        2.1    2.1   0.0        2.6    1.8   0.0    1.5  1  exact_duplicate_nat_39696a92cfeac6f208a2  
        2.4    1.9   1.1        5.5    0.7   1.1    1.5  1  truncated_nat_2380c4be7e7372c40f84        
        2.5    1.8   1.8        4.8    0.9   1.8    1.4  1  shuffled_nat_68d2bce649ad98618d0c         
        3.1    1.6   0.6        5.8    0.7   0.1    1.5  1  shuffled_nat_6392ee051886d826e69f         
        3.5    1.4   0.8        4.8    0.9   0.8    1.3  1  exact_duplicate_nat_92899af89be9c12f869e  
        3.9    1.2   0.9        4.7    1.0   0.9    1.3  1  exact_duplicate_nat_165370dde2f43a2ea77b  
        4.2    1.1   0.5        6.5    0.5   0.5    1.3  1  shuffled_nat_e8cdf7701819b67c0045         
        4.6    1.0   0.2        7.9    0.3   0.2    1.4  1  shuffled_nat_e5ceabb21180b04662ae         
        5.5    0.7   0.2         31   -1.7   0.0    1.7  0  shuffled_nat_2df69daa3558ff90d6d4         
        5.6    0.7   7.5        2.4    1.9   0.2    2.3  2  exact_duplicate_nat_3bdd2e4a8cfc279acbef  
        6.1    0.6   0.4        6.7    0.5   0.4    1.3  1  shuffled_nat_165370dde2f43a2ea77b         
        6.5    0.5   2.0         13   -0.4   0.1    1.8  0  shuffled_nat_575d455e710e37b166bf         
          7    0.4   0.0        6.3    0.6   0.0    1.1  1  truncated_nat_099ee06bc3f1047a9b40        
        7.2    0.4   0.9         19   -1.0   0.2    1.7  0  exact_duplicate_nat_182237e22095168ab3a7  
        7.3    0.4   1.1         26   -1.4   0.1    1.7  0  shuffled_nat_76bd47c3dff544aa7f3b         
        7.4    0.3   0.5         22   -1.1   0.5    1.5  0  exact_duplicate_nat_b73eed73eb852a72ba5a  
        7.9    0.2   0.2         15   -0.7   0.2    1.4  0  exact_duplicate_nat_e8cdf7701819b67c0045  
        8.3    0.2   0.2         88   -3.1   0.2    1.7  0  shuffled_nat_8e3261c808d07fdff696         
        9.2    0.0   1.1         26   -1.4   1.1    1.5  0  exact_duplicate_nat_2380c4be7e7372c40f84  
        9.4    0.0   0.1         29   -1.6   0.1    1.5  0  shuffled_nat_6ee31a02fdf1277873e8         


Domain annotation for each sequence (and alignments):
>> exact_duplicate_nat_c3864be3a36de85b74e8  
   #    score  bias  c-Evalue  i-Evalue hmmfrom  hmm to    alifrom  ali to    envfrom  env to     acc
 ---   ------ ----- --------- --------- ------- -------    ------- -------    ------- -------    ----
   1 !   77.2   4.8   3.7e-24   8.5e-24       1     101 []       1     101 [.       1     101 [. 0.90

  Alignments for each domain:
  == domain 1  score: 77.2 bits;  conditional E-value: 3.7e-24
                                      gvpv   1 msrlpeksyrvkseaqaylslaeLrdererLqreleqlrsRlar...lqsLqqrLqqletelaklElev 66 
                                               msr++ek+yrv++ +  ++s+ae+++++ rL+++leq++ R a+   + sLq+r+++l t+l+++E++ 
  exact_duplicate_nat_c3864be3a36de85b74e8   1 MSRYEEKVYRVSKGKG-GPSIAEMKNQLARLKQDLEQFQGRGAGaavQSSLQSRIRELQTSLSEAEAA- 67 
                                               9**************9.8***********************999**999*******************. PP

                                      gvpv  67 kear..qakpsnepkgdagavggksqgatsfrlpYrd 101
                                                +ar  qa+++ e++ d g++  + q  ts+r+p+r+
  exact_duplicate_nat_c3864be3a36de85b74e8  68 -QARrqQARRA-EDDDDDGPRRPQVQA-TSSRFPPRG 101
                                               .4443588886.888888888777777.8******97 PP

>> exact_duplicate_nat_e5ceabb21180b04662ae  
   #    score  bias  c-Evalue  i-Evalue hmmfrom  hmm to    alifrom  ali to    envfrom  env to     acc
 ---   ------ ----- --------- --------- ------- -------    ------- -------    ------- -------    ----
   1 !   72.4   0.1   1.2e-22   2.7e-22       1     101 []       1     100 [.       1     100 [. 0.86

  Alignments for each domain:
  == domain 1  score: 72.4 bits;  conditional E-value: 1.2e-22
                                      gvpv   1 msrlpeksyrvkseaqaylslaeLrdererLqreleqlrsRlar...lqsLqqrLqqletelaklElev 66 
                                               ms+++++++rv ++++   slae+++++ rL+++leq+ +R++    +++L+qr+++le e+a++E+++
  exact_duplicate_nat_e5ceabb21180b04662ae   1 MSKFEDRAFRVGKRRS---SLAEMKGQLVRLRQDLEQIAARNPTgavVAPLRQRIRALEGEIAEAEADK 66 
                                               9**************8...6*********************9999***********************8 PP

                                      gvpv  67 kearqakpsnepkgd.agavggksqgatsfrlpYrd 101
                                                ++r++++ ++ +gd ++ +  + ++ t+  +p+r+
  exact_duplicate_nat_e5ceabb21180b04662ae  67 ARNRPPPR-DDGEGDePSGTRAPVRS-TAGHFPPRG 100
                                               88886655.46667744444444454.9999**997 PP

>> exact_duplicate_nat_3c70afdab9e7af2e1189  
   #    score  bias  c-Evalue  i-Evalue hmmfrom  hmm to    alifrom  ali to    envfrom  env to     acc
 ---   ------ ----- --------- --------- ------- -------    ------- -------    ------- -------    ----
   1 !   70.6   0.1   4.1e-22   9.3e-22       1     101 []       1      99 [.       1      99 [. 0.89

  Alignments for each domain:
  == domain 1  score: 70.6 bits;  conditional E-value: 4.1e-22
                                      gvpv   1 msrlpeksyrvkseaqaylslaeLrdererLqreleqlrsRlar...lqsLqqrLqqletelaklElev 66 
                                               m  ++ek+yr+++ ++ ++ lae+++++ rL+++leq++sR+a+   l+sL++r+++le ++a+ E ++
  exact_duplicate_nat_3c70afdab9e7af2e1189   1 MPNYDEKAYRMTRSKD-GPTLAEQKSQLARLKQDLEQFTSRQAGgaiLGSLKERIRDLEGSIARIENAR 68 
                                               7889***********9.8*************************9************************* PP

                                      gvpv  67 kearqakpsnepkgdagavggksqgatsfrlpYrd 101
                                                 +r+a++      d g  g++ +  ts+r+p+r+
  exact_duplicate_nat_3c70afdab9e7af2e1189  69 ALDREARRG---GEDGGGPGNPVRA-TSSRFPPRG 99 
                                               ****99875...3345555555554.888****97 PP

>> exact_duplicate_nat_2e9855a6be3700c23fe5  
   #    score  bias  c-Evalue  i-Evalue hmmfrom  hmm to    alifrom  ali to    envfrom  env to     acc
 ---   ------ ----- --------- --------- ------- -------    ------- -------    ------- -------    ----
   1 !   65.8   6.3   1.3e-20   3.1e-20       1      99 [.      14     105 .]      14     105 .] 0.92

  Alignments for each domain:
  == domain 1  score: 65.8 bits;  conditional E-value: 1.3e-20
                                      gvpv   1 msrlpeksyrvkseaqaylslaeLrdererLqreleqlrsRlarlqsLqqrLqqletelaklElevkea 69 
                                               +s++p    r ksea+ +l+l++L +e++r+q+el+ +++R   lq+L++rL+ l+ ++  +E++++ +
  exact_duplicate_nat_2e9855a6be3700c23fe5  14 ISTMP----RNKSEASQQLELYKLITEKQRIQKELQLMEQR---LQQLKNRLTVLNHQIDSTEQTIQDL 75 
                                               7999*....********************************...************************* PP

                                      gvpv  70 rqakpsnepkgd.agavggksqgatsfrlpY 99 
                                               rqa+p   pk   +++   +s+++++f+l+Y
  exact_duplicate_nat_2e9855a6be3700c23fe5  76 RQANPT-IPKMLhPSKPIAQSSNFQAFYLEY 105
                                               ***995.5655546666777777*******9 PP

>> exact_duplicate_nat_9a0abc7123e25547e268  
   #    score  bias  c-Evalue  i-Evalue hmmfrom  hmm to    alifrom  ali to    envfrom  env to     acc
 ---   ------ ----- --------- --------- ------- -------    ------- -------    ------- -------    ----
   1 !   58.1   0.6   3.2e-18   7.3e-18       1     101 []       1     105 [.       1     105 [. 0.82

  Alignments for each domain:
  == domain 1  score: 58.1 bits;  conditional E-value: 3.2e-18
                                      gvpv   1 msrlpeksyrvkseaqa...ylslaeLrdererLqreleqlrsRlar...lqsLqqrLqqletelaklE 63 
                                               ms+++e++yrv   +     ++++  L++++ rL+ +l q+ +R++    +++L++r+++ e+ +a +E
  exact_duplicate_nat_9a0abc7123e25547e268   1 MSKYEEQAYRVGGGKPNpnaKPNVPLLKSQLARLKHDLAQFIARKPDgsvIAPLKERIREMEATIASAE 69 
                                               999*******97755433349***********************999********************** PP

                                      gvpv  64 levkearqakpsnepkgd..agavggksqgatsfrlpYrd 101
                                               +e k+ rq+ +  +p+ d   ga++ + ++ ts+r+p+r+
  exact_duplicate_nat_9a0abc7123e25547e268  70 AENKRERQSAR--NPDDDedGGARQ-EIRS-TSSRFPPRG 105
                                               **999996655..444443144444.4444.69*****97 PP

>> truncated_nat_c3864be3a36de85b74e8  
   #    score  bias  c-Evalue  i-Evalue hmmfrom  hmm to    alifrom  ali to    envfrom  env to     acc
 ---   ------ ----- --------- --------- ------- -------    ------- -------    ------- -------    ----
   1 !   30.9   0.1   9.5e-10   2.2e-09       1      36 [.       1      35 []       1      35 [] 0.98

  Alignments for each domain:
  == domain 1  score: 30.9 bits;  conditional E-value: 9.5e-10
                                gvpv  1 msrlpeksyrvkseaqaylslaeLrdererLqrele 36
                                        msr++ek+yrv++ +  ++s+ae+++++ rL+++le
  truncated_nat_c3864be3a36de85b74e8  1 MSRYEEKVYRVSKGKG-GPSIAEMKNQLARLKQDLE 35
                                        9**************9.8****************98 PP

>> truncated_nat_e5ceabb21180b04662ae  
   #    score  bias  c-Evalue  i-Evalue hmmfrom  hmm to    alifrom  ali to    envfrom  env to     acc
 ---   ------ ----- --------- --------- ------- -------    ------- -------    ------- -------    ----
   1 !   26.9   0.4   1.7e-08   3.9e-08       1      37 [.       1      34 []       1      34 [] 0.96

  Alignments for each domain:
  == domain 1  score: 26.9 bits;  conditional E-value: 1.7e-08
                                gvpv  1 msrlpeksyrvkseaqaylslaeLrdererLqreleq 37
                                        ms+++++++rv ++++   slae+++++ rL+++leq
  truncated_nat_e5ceabb21180b04662ae  1 MSKFEDRAFRVGKRRS---SLAEMKGQLVRLRQDLEQ 34
                                        9**************8...6***************98 PP

>> truncated_nat_3c70afdab9e7af2e1189  
   #    score  bias  c-Evalue  i-Evalue hmmfrom  hmm to    alifrom  ali to    envfrom  env to     acc
 ---   ------ ----- --------- --------- ------- -------    ------- -------    ------- -------    ----
   1 !   22.0   0.4     6e-07   1.4e-06       1      35 [.       1      34 []       1      34 [] 0.96

  Alignments for each domain:
  == domain 1  score: 22.0 bits;  conditional E-value: 6e-07
                                gvpv  1 msrlpeksyrvkseaqaylslaeLrdererLqrel 35
                                        m  ++ek+yr+++ ++ ++ lae+++++ rL+++l
  truncated_nat_3c70afdab9e7af2e1189  1 MPNYDEKAYRMTRSKD-GPTLAEQKSQLARLKQDL 34
                                        7899***********9.8***************98 PP

>> exact_duplicate_nat_68d2bce649ad98618d0c  
   #    score  bias  c-Evalue  i-Evalue hmmfrom  hmm to    alifrom  ali to    envfrom  env to     acc
 ---   ------ ----- --------- --------- ------- -------    ------- -------    ------- -------    ----
   1 !   11.9   0.1   0.00083    0.0019      24      63 ..      79     115 ..      74     136 .. 0.88

  Alignments for each domain:
  == domain 1  score: 11.9 bits;  conditional E-value: 0.00083
                                      gvpv  24 LrdererLqreleqlrsRlarlqsLqqrLqqletelaklE 63 
                                               L ++ +rL +e +ql+ R   l+sL+++L  l+++  k E
  exact_duplicate_nat_68d2bce649ad98618d0c  79 LSTKAQRLVEENQQLQHR---LESLEAKLNSLTSSSVKEE 115
                                               78999*************...***********99866655 PP

>> truncated_nat_2e9855a6be3700c23fe5  
   #    score  bias  c-Evalue  i-Evalue hmmfrom  hmm to    alifrom  ali to    envfrom  env to     acc
 ---   ------ ----- --------- --------- ------- -------    ------- -------    ------- -------    ----
   1 !   11.2   0.1    0.0013     0.003       1      25 [.      14      34 ..      14      35 .] 0.93

  Alignments for each domain:
  == domain 1  score: 11.2 bits;  conditional E-value: 0.0013
                                gvpv  1 msrlpeksyrvkseaqaylslaeLr 25
                                        +s++p    r ksea+ +l+l++L 
  truncated_nat_2e9855a6be3700c23fe5 14 ISTMP----RNKSEASQQLELYKLI 34
                                        799**....**************96 PP

>> truncated_nat_9a0abc7123e25547e268  
   #    score  bias  c-Evalue  i-Evalue hmmfrom  hmm to    alifrom  ali to    envfrom  env to     acc
 ---   ------ ----- --------- --------- ------- -------    ------- -------    ------- -------    ----
   1 !   10.0   0.0    0.0032    0.0074       1      34 [.       1      37 []       1      37 [] 0.83

  Alignments for each domain:
  == domain 1  score: 10.0 bits;  conditional E-value: 0.0032
                                gvpv  1 msrlpeksyrvkseaqa...ylslaeLrdererLqre 34
                                        ms+++e++yrv   +     ++++  L++++ rL+ +
  truncated_nat_9a0abc7123e25547e268  1 MSKYEEQAYRVGGGKPNpnaKPNVPLLKSQLARLKHD 37
                                        9*********98765433349*************986 PP

>> exact_duplicate_nat_26c7b3dfaf246cf1a8c9  
   #    score  bias  c-Evalue  i-Evalue hmmfrom  hmm to    alifrom  ali to    envfrom  env to     acc
 ---   ------ ----- --------- --------- ------- -------    ------- -------    ------- -------    ----
   1 ?    7.5   3.0     0.019     0.043      29      61 ..      33      64 ..      23     106 .. 0.71

  Alignments for each domain:
  == domain 1  score: 7.5 bits;  conditional E-value: 0.019
                                      gvpv 29 erLqreleqlrsRlarlqsLqqrLqqletelak 61
                                              e ++r +e+ +   +++++L q+Lq++e+e+  
  exact_duplicate_nat_26c7b3dfaf246cf1a8c9 33 EAIRR-MESGKLSDEQIEQLGQQLQAIEAEIDD 64
                                              44444.444444444478888888888877754 PP

>> exact_duplicate_nat_6392ee051886d826e69f  
   #    score  bias  c-Evalue  i-Evalue hmmfrom  hmm to    alifrom  ali to    envfrom  env to     acc
 ---   ------ ----- --------- --------- ------- -------    ------- -------    ------- -------    ----
   1 ?    5.5   4.4     0.081      0.19      41      64 ..      42      67 ..      15     122 .. 0.69

  Alignments for each domain:
  == domain 1  score: 5.5 bits;  conditional E-value: 0.081
                                      gvpv 41 Rlar..lqsLqqrLqqletelaklEl 64
                                              Rla   ++ L ++L++le+e+a+   
  exact_duplicate_nat_6392ee051886d826e69f 42 RLADeeIERLGEQLARLEEEIAEIKR 67
                                              33333455555555555555555443 PP

>> exact_duplicate_nat_6ee31a02fdf1277873e8  
   #    score  bias  c-Evalue  i-Evalue hmmfrom  hmm to    alifrom  ali to    envfrom  env to     acc
 ---   ------ ----- --------- --------- ------- -------    ------- -------    ------- -------    ----
   1 ?    4.3   5.0      0.18      0.42      24      65 ..     190     230 ..     178     248 .. 0.78

  Alignments for each domain:
  == domain 1  score: 4.3 bits;  conditional E-value: 0.18
                                      gvpv  24 LrdererLqreleqlrsRlarlqsLqqrLqqletelaklEle 65 
                                               L+++r++ + el ++r+  +  ++L++rL+++ +e+  lE +
  exact_duplicate_nat_6ee31a02fdf1277873e8 190 LEKKRDQRLAELRAHRRE-SLTADLETRLDEVAREVHSLERS 230
                                               677777777777766644.669**************999987 PP

>> truncated_nat_0e37face31f27f3afe2e  
   #    score  bias  c-Evalue  i-Evalue hmmfrom  hmm to    alifrom  ali to    envfrom  env to     acc
 ---   ------ ----- --------- --------- ------- -------    ------- -------    ------- -------    ----
   1 ?    4.1   6.0      0.22       0.5      32      76 ..      20      65 ..      11      98 .. 0.75

  Alignments for each domain:
  == domain 1  score: 4.1 bits;  conditional E-value: 0.22
                                gvpv 32 qreleqlrsRlarlqsLqqrLqqletelaklElevkearqakps...n 76
                                        + + + lr++  r q+++qr qq+  +la+  +++  ++   p+   +
  truncated_nat_0e37face31f27f3afe2e 20 KDKWQELRAQ--RRQEITQRQQQVRHSLAEKRKQRRGLSALAPAalnT 65
                                        5555555555..79*******************999988555554442 PP

>> exact_duplicate_nat_44abe1cc1d8456dc6c46  
   #    score  bias  c-Evalue  i-Evalue hmmfrom  hmm to    alifrom  ali to    envfrom  env to     acc
 ---   ------ ----- --------- --------- ------- -------    ------- -------    ------- -------    ----
   1 ?    3.3   0.2      0.39       0.9      44      64 ..      81     105 ..      73     110 .. 0.67

  Alignments for each domain:
  == domain 1  score: 3.3 bits;  conditional E-value: 0.39
                                      gvpv  44 r....lqsLqqrLqqletelaklEl 64 
                                               +     q+L +r   le+ela++ +
  exact_duplicate_nat_44abe1cc1d8456dc6c46  81 EllasNQQLLERVNLLERELAATKA 105
                                               3333367788888888888887765 PP

>> exact_duplicate_nat_099ee06bc3f1047a9b40  
   #    score  bias  c-Evalue  i-Evalue hmmfrom  hmm to    alifrom  ali to    envfrom  env to     acc
 ---   ------ ----- --------- --------- ------- -------    ------- -------    ------- -------    ----
   1 ?    3.3   2.2      0.39      0.89      31      71 ..      45      86 ..      17     116 .. 0.74

  Alignments for each domain:
  == domain 1  score: 3.3 bits;  conditional E-value: 0.39
                                      gvpv 31 LqreleqlrsRlarlqsL.qqrLqqletelaklElevkearq 71
                                              L++ +e+   R   +++L +++++++ + l++lE  + e+r+
  exact_duplicate_nat_099ee06bc3f1047a9b40 45 LRQLMERQALRRIDVGDLsDDQIEEIGATLMALEERMDELRE 86
                                              33334444445444888834799*********9999998884 PP

>> shuffled_nat_92899af89be9c12f869e  
   #    score  bias  c-Evalue  i-Evalue hmmfrom  hmm to    alifrom  ali to    envfrom  env to     acc
 ---   ------ ----- --------- --------- ------- -------    ------- -------    ------- -------    ----
   1 ?    3.1   0.2      0.45         1      10      36 ..      27      52 ..      21      57 .. 0.79

  Alignments for each domain:
  == domain 1  score: 3.1 bits;  conditional E-value: 0.45
                               gvpv 10 rvkseaqaylslaeLrdererLqrele 36
                                        ++ e + +l + eLr e + L +++e
  shuffled_nat_92899af89be9c12f869e 27 LQLEEVA-ELHMEELRLEERALVKDAE 52
                                       5666776.699999**99999999998 PP

>> exact_duplicate_nat_144f47620afa1a7c4163  
   #    score  bias  c-Evalue  i-Evalue hmmfrom  hmm to    alifrom  ali to    envfrom  env to     acc
 ---   ------ ----- --------- --------- ------- -------    ------- -------    ------- -------    ----
   1 ?    3.0   3.7       0.5       1.1      26      69 ..     191     232 ..     179     259 .. 0.62

  Alignments for each domain:
  == domain 1  score: 3.0 bits;  conditional E-value: 0.5
                                      gvpv  26 dererLqreleqlrsRlarlqsLqqrLqqletelaklElevkea 69 
                                               +++++ + el ++r R++  ++Lq+rL++  +e+ +lE +  +a
  exact_duplicate_nat_144f47620afa1a7c4163 191 KKLDQRLAELRAAR-RESLTADLQDRLAERAREVHALERS-PTA 232
                                               44444555554333.3344999999999999999888888.333 PP

>> exact_duplicate_nat_c1fe0a4a727199d7f1bd  
   #    score  bias  c-Evalue  i-Evalue hmmfrom  hmm to    alifrom  ali to    envfrom  env to     acc
 ---   ------ ----- --------- --------- ------- -------    ------- -------    ------- -------    ----
   1 ?    3.2   1.5      0.42      0.96      50      70 ..      56      76 ..      43      84 .] 0.72

  Alignments for each domain:
  == domain 1  score: 3.2 bits;  conditional E-value: 0.42
                                      gvpv 50 qrLqqletelaklElevkear 70
                                              +r ++le+el+++El+ +++ 
  exact_duplicate_nat_c1fe0a4a727199d7f1bd 56 ERKAELEAELETAELAHEQLD 76
                                              455678888888888866654 PP

>> shuffled_nat_3c70afdab9e7af2e1189  
   #    score  bias  c-Evalue  i-Evalue hmmfrom  hmm to    alifrom  ali to    envfrom  env to     acc
 ---   ------ ----- --------- --------- ------- -------    ------- -------    ------- -------    ----
   1 ?    1.4   0.1       1.5       3.5      59      89 ..      19      49 ..       5      57 .. 0.59

  Alignments for each domain:
  == domain 1  score: 1.4 bits;  conditional E-value: 1.5
                               gvpv 59 laklElevkearqakps.nepkgdagavggks 89
                                         k+E++++  r ++ps +e + d g v + +
  shuffled_nat_3c70afdab9e7af2e1189 19 KGKTETSRELGR-PRPSdQERLRDMGYVNRRR 49
                                       455666655555.5555566666666555554 PP

>> shuffled_nat_9a0abc7123e25547e268  
   #    score  bias  c-Evalue  i-Evalue hmmfrom  hmm to    alifrom  ali to    envfrom  env to     acc
 ---   ------ ----- --------- --------- ------- -------    ------- -------    ------- -------    ----
   1 ?    2.5   0.3      0.71       1.6      56      75 ..      82     102 ..      58     111 .. 0.66

  Alignments for each domain:
  == domain 1  score: 2.5 bits;  conditional E-value: 0.71
                               gvpv  56 etelaklElevkear.qakps 75 
                                         + la+ El++ + r ++ ++
  shuffled_nat_9a0abc7123e25547e268  82 GSGLAREELDRRNMRrEPSQP 102
                                        566889999988888432222 PP

>> shuffled_nat_26c7b3dfaf246cf1a8c9  
   #    score  bias  c-Evalue  i-Evalue hmmfrom  hmm to    alifrom  ali to    envfrom  env to     acc
 ---   ------ ----- --------- --------- ------- -------    ------- -------    ------- -------    ----
   1 ?    2.4   0.3      0.74       1.7      50      70 ..      26      46 ..       4     102 .. 0.80

  Alignments for each domain:
  == domain 1  score: 2.4 bits;  conditional E-value: 0.74
                               gvpv 50 qrLqqletelaklElevkear 70
                                       + L+ql++e+++ E +v+ a 
  shuffled_nat_26c7b3dfaf246cf1a8c9 26 AGLDQLDAEVERDEVSVTIAE 46
                                       568899999999998876555 PP

>> exact_duplicate_nat_575d455e710e37b166bf  
   #    score  bias  c-Evalue  i-Evalue hmmfrom  hmm to    alifrom  ali to    envfrom  env to     acc
 ---   ------ ----- --------- --------- ------- -------    ------- -------    ------- -------    ----
   1 ?    1.9   1.7       1.1       2.5      23      36 ..      53      66 ..      15      81 .. 0.54

  Alignments for each domain:
  == domain 1  score: 1.9 bits;  conditional E-value: 1.1
                                      gvpv 23 eLrdererLqrele 36
                                              e ++++  L  el+
  exact_duplicate_nat_575d455e710e37b166bf 53 EYEQQKAELESELK 66
                                              22233333333332 PP

>> exact_duplicate_nat_a3571b1c51affce50627  
   #    score  bias  c-Evalue  i-Evalue hmmfrom  hmm to    alifrom  ali to    envfrom  env to     acc
 ---   ------ ----- --------- --------- ------- -------    ------- -------    ------- -------    ----
   1 ?    1.9   3.2       1.1       2.5      25      61 ..      56      75 ..      31      83 .. 0.57

  Alignments for each domain:
  == domain 1  score: 1.9 bits;  conditional E-value: 1.1
                                      gvpv 25 rdererLqreleqlrsRlarlqsLqqrLqqletelak 61
                                              +++                  ++++qrL+ +e+  ++
  exact_duplicate_nat_a3571b1c51affce50627 56 EER-----------------RADIEQRLDVAEQAREQ 75
                                              222.................55666666555554333 PP

>> exact_duplicate_nat_2df69daa3558ff90d6d4  
   #    score  bias  c-Evalue  i-Evalue hmmfrom  hmm to    alifrom  ali to    envfrom  env to     acc
 ---   ------ ----- --------- --------- ------- -------    ------- -------    ------- -------    ----
   1 ?    1.4   0.4       1.5       3.5      26      60 ..     213     238 ..     182     272 .. 0.62

  Alignments for each domain:
  == domain 1  score: 1.4 bits;  conditional E-value: 1.5
                                      gvpv  26 dererLqreleqlrsRlar.lqsLqqrLqqletela 60 
                                               ++r          r+R ++ ++ L++rL+ l + l+
  exact_duplicate_nat_2df69daa3558ff90d6d4 213 SRR----------RERDRQlVAGLEERLEPLVATLQ 238
                                               222..........22222345555555544443333 PP

>> exact_duplicate_nat_76bd47c3dff544aa7f3b  
   #    score  bias  c-Evalue  i-Evalue hmmfrom  hmm to    alifrom  ali to    envfrom  env to     acc
 ---   ------ ----- --------- --------- ------- -------    ------- -------    ------- -------    ----
   1 ?    1.8   2.3       1.2       2.7      21      40 ..      51      70 ..      29      81 .. 0.65

  Alignments for each domain:
  == domain 1  score: 1.8 bits;  conditional E-value: 1.2
                                      gvpv 21 laeLrdererLqreleqlrs 40
                                                e + +++ L  ele +++
  exact_duplicate_nat_76bd47c3dff544aa7f3b 51 QTEYERRKDELEAELEVAQK 70
                                              45556677777777766543 PP

>> exact_duplicate_nat_39696a92cfeac6f208a2  
   #    score  bias  c-Evalue  i-Evalue hmmfrom  hmm to    alifrom  ali to    envfrom  env to     acc
 ---   ------ ----- --------- --------- ------- -------    ------- -------    ------- -------    ----
   1 ?    1.8   0.0       1.1       2.6      50      50 ..      56      56 ..       7      78 .] 0.55

  Alignments for each domain:
  == domain 1  score: 1.8 bits;  conditional E-value: 1.1
                                      gvpv 50 q 50
                                              +
  exact_duplicate_nat_39696a92cfeac6f208a2 56 E 56
                                              1 PP

>> truncated_nat_2380c4be7e7372c40f84  
   #    score  bias  c-Evalue  i-Evalue hmmfrom  hmm to    alifrom  ali to    envfrom  env to     acc
 ---   ------ ----- --------- --------- ------- -------    ------- -------    ------- -------    ----
   1 ?    0.7   1.1       2.4       5.5      71      94 ..      14      33 ..       2      45 .. 0.51

  Alignments for each domain:
  == domain 1  score: 0.7 bits;  conditional E-value: 2.4
                                gvpv 71 qakpsnepkgdagavggksqgats 94
                                        q     +p++++ a+ +++++ats
  truncated_nat_2380c4be7e7372c40f84 14 Q----ANPQANPQAAPQAASQATS 33
                                        2....3444444444444333333 PP

>> shuffled_nat_68d2bce649ad98618d0c  
   #    score  bias  c-Evalue  i-Evalue hmmfrom  hmm to    alifrom  ali to    envfrom  env to     acc
 ---   ------ ----- --------- --------- ------- -------    ------- -------    ------- -------    ----
   1 ?    0.9   1.8       2.1       4.8      47      83 ..     150     189 ..     131     205 .. 0.61

  Alignments for each domain:
  == domain 1  score: 0.9 bits;  conditional E-value: 2.1
                               gvpv  47 sLqqrLq.qletelaklElevkearqakps.nepkgd.ag 83 
                                        ++q+r    +e+++ +   e k+++++++s ++p  d ++
  shuffled_nat_68d2bce649ad98618d0c 150 DVQERTSeSVEDSIGQQPSEEKSLSSQQQStQNPTEDlQS 189
                                        5555553147777777777777777555555555555322 PP

>> shuffled_nat_6392ee051886d826e69f  
   #    score  bias  c-Evalue  i-Evalue hmmfrom  hmm to    alifrom  ali to    envfrom  env to     acc
 ---   ------ ----- --------- --------- ------- -------    ------- -------    ------- -------    ----
   1 ?    0.7   0.1       2.5       5.8      11      29 ..       7      25 ..       2      28 .. 0.80

  Alignments for each domain:
  == domain 1  score: 0.7 bits;  conditional E-value: 2.5
                               gvpv 11 vkseaqaylslaeLrdere 29
                                        k e++++++ aeLr+er+
  shuffled_nat_6392ee051886d826e69f  7 AKEERDEERDPAELREERT 25
                                       6788888899999999985 PP

>> exact_duplicate_nat_92899af89be9c12f869e  
   #    score  bias  c-Evalue  i-Evalue hmmfrom  hmm to    alifrom  ali to    envfrom  env to     acc
 ---   ------ ----- --------- --------- ------- -------    ------- -------    ------- -------    ----
   1 ?    0.9   0.8       2.1       4.8      22      39 ..      52      69 ..      34      81 .. 0.69

  Alignments for each domain:
  == domain 1  score: 0.9 bits;  conditional E-value: 2.1
                                      gvpv 22 aeLrdererLqreleqlr 39
                                               e r+++  L +el  +r
  exact_duplicate_nat_92899af89be9c12f869e 52 TEYRQRKAVLEEELAIAR 69
                                              455777777777776555 PP

>> exact_duplicate_nat_165370dde2f43a2ea77b  
   #    score  bias  c-Evalue  i-Evalue hmmfrom  hmm to    alifrom  ali to    envfrom  env to     acc
 ---   ------ ----- --------- --------- ------- -------    ------- -------    ------- -------    ----
   1 ?    1.0   0.9         2       4.7      25      39 ..      55      69 ..      34      82 .. 0.60

  Alignments for each domain:
  == domain 1  score: 1.0 bits;  conditional E-value: 2
                                      gvpv 25 rdererLqreleqlr 39
                                              + +re L+  l+ +r
  exact_duplicate_nat_165370dde2f43a2ea77b 55 ERRREELRTQLDVAR 69
                                              334444444444433 PP

>> shuffled_nat_e8cdf7701819b67c0045  
   #    score  bias  c-Evalue  i-Evalue hmmfrom  hmm to    alifrom  ali to    envfrom  env to     acc
 ---   ------ ----- --------- --------- ------- -------    ------- -------    ------- -------    ----
   1 ?    0.5   0.5       2.8       6.5      31      61 ..      50      81 ..      40      91 .. 0.68

  Alignments for each domain:
  == domain 1  score: 0.5 bits;  conditional E-value: 2.8
                               gvpv 31 Lqre.leqlrsRlarlqsLqqrLqqletelak 61
                                       L+re le  ++R+ + +++ + + ++e+ +++
  shuffled_nat_e8cdf7701819b67c0045 50 LTREmLEESKRRNLESRKIIEVMIDIERVILE 81
                                       66662466666666677777777777777765 PP

>> shuffled_nat_e5ceabb21180b04662ae  
   #    score  bias  c-Evalue  i-Evalue hmmfrom  hmm to    alifrom  ali to    envfrom  env to     acc
 ---   ------ ----- --------- --------- ------- -------    ------- -------    ------- -------    ----
   1 ?    0.3   0.2       3.4       7.9      62      88 ..      50      79 ..      44      95 .. 0.62

  Alignments for each domain:
  == domain 1  score: 0.3 bits;  conditional E-value: 3.4
                               gvpv 62 lElevkearqakps.....nepkgdagavggk 88
                                       ++    +a  ++ps     ++p+ ++g++ + 
  shuffled_nat_e5ceabb21180b04662ae 50 ADFR--SADHPRPSvltlgESPERPPGKRAQR 79
                                       4444..44467777777765666556555544 PP

>> shuffled_nat_2df69daa3558ff90d6d4  
   [No individual domains that satisfy reporting thresholds (although complete target did)]

>> exact_duplicate_nat_3bdd2e4a8cfc279acbef  
   #    score  bias  c-Evalue  i-Evalue hmmfrom  hmm to    alifrom  ali to    envfrom  env to     acc
 ---   ------ ----- --------- --------- ------- -------    ------- -------    ------- -------    ----
   1 ?    1.9   0.2       1.1       2.4      40      57 ..     164     181 ..     158     186 .. 0.77
   2 ?    1.5   2.0       1.4       3.3      24      70 ..     187     231 ..     182     259 .. 0.65

  Alignments for each domain:
  == domain 1  score: 1.9 bits;  conditional E-value: 1.1
                                      gvpv  40 sRlarlqsLqqrLqqlet 57 
                                               +R  rl++L++r++++e+
  exact_duplicate_nat_3bdd2e4a8cfc279acbef 164 ERDDRLADLRERIDAAEE 181
                                               55556********99986 PP

  == domain 2  score: 1.5 bits;  conditional E-value: 1.4
                                      gvpv  24 LrdererLqreleqlrsRlarlqsLqqrLqqletelaklElevkear 70 
                                               L+++ +r  rel ++r+      +L  rL++  +e+ +lE +  +a+
  exact_duplicate_nat_3bdd2e4a8cfc279acbef 187 LEKQFDRRVRELRKMRRE-TLSDDLVGRLAEHAREVHELERS-PSAS 231
                                               566777888888888755.55999999999999999999998.3333 PP

>> shuffled_nat_165370dde2f43a2ea77b  
   #    score  bias  c-Evalue  i-Evalue hmmfrom  hmm to    alifrom  ali to    envfrom  env to     acc
 ---   ------ ----- --------- --------- ------- -------    ------- -------    ------- -------    ----
   1 ?    0.5   0.4       2.9       6.7      46      54 ..      27      35 ..       1      56 [. 0.54

  Alignments for each domain:
  == domain 1  score: 0.5 bits;  conditional E-value: 2.9
                               gvpv 46 qsLqqrLqq 54
                                       + +qq L++
  shuffled_nat_165370dde2f43a2ea77b 27 RNVQQGLKE 35
                                       233333333 PP

>> shuffled_nat_575d455e710e37b166bf  
   [No individual domains that satisfy reporting thresholds (although complete target did)]

>> truncated_nat_099ee06bc3f1047a9b40  
   #    score  bias  c-Evalue  i-Evalue hmmfrom  hmm to    alifrom  ali to    envfrom  env to     acc
 ---   ------ ----- --------- --------- ------- -------    ------- -------    ------- -------    ----
   1 ?    0.6   0.0       2.7       6.3      27      38 ..      19      30 ..       5      37 .. 0.73

  Alignments for each domain:
  == domain 1  score: 0.6 bits;  conditional E-value: 2.7
                                gvpv 27 ererLqreleql 38
                                        +r+r+  + +++
  truncated_nat_099ee06bc3f1047a9b40 19 RRQRIEVDRDAV 30
                                        666666666655 PP

>> exact_duplicate_nat_182237e22095168ab3a7  
   [No individual domains that satisfy reporting thresholds (although complete target did)]

>> shuffled_nat_76bd47c3dff544aa7f3b  
   [No individual domains that satisfy reporting thresholds (although complete target did)]

>> exact_duplicate_nat_b73eed73eb852a72ba5a  
   [No individual domains that satisfy reporting thresholds (although complete target did)]

>> exact_duplicate_nat_e8cdf7701819b67c0045  
   [No individual domains that satisfy reporting thresholds (although complete target did)]

>> shuffled_nat_8e3261c808d07fdff696  
   [No individual domains that satisfy reporting thresholds (although complete target did)]

>> exact_duplicate_nat_2380c4be7e7372c40f84  
   [No individual domains that satisfy reporting thresholds (although complete target did)]

>> shuffled_nat_6ee31a02fdf1277873e8  
   [No individual domains that satisfy reporting thresholds (although complete target did)]



Internal pipeline statistics summary:
-------------------------------------
Query model(s):                            1  (101 nodes)
Target sequences:                        108  (19242 residues searched)
Passed MSV filter:                       108  (1); expected 108.0 (1)
Passed bias filter:                      108  (1); expected 108.0 (1)
Passed Vit filter:                       108  (1); expected 108.0 (1)
Passed Fwd filter:                       108  (1); expected 108.0 (1)
Initial search space (Z):                108  [actual number of targets]
Domain search space  (domZ):              47  [number of targets reported over threshold]
# CPU time: 0.05u 0.01s 00:00:00.06 Elapsed: 00:00:00.07
# Mc/sec: 25.01
//
[ok]
